// Jest Snapshot v1, https://goo.gl/fbAQLP

exports[`API Global Cloud synthesizes correctly 1`] = `
{
  "Outputs": {
    "ExportsOutputFnGetAttDataTable447BC44EArnA4C585D9": {
      "Export": {
        "Name": "APIGlobalDevStack:ExportsOutputFnGetAttDataTable447BC44EArnA4C585D9",
      },
      "Value": {
        "Fn::GetAtt": [
          "DataTable447BC44E",
          "Arn",
        ],
      },
    },
    "ExportsOutputRefDataTable447BC44E7F3657BE": {
      "Export": {
        "Name": "APIGlobalDevStack:ExportsOutputRefDataTable447BC44E7F3657BE",
      },
      "Value": {
        "Ref": "DataTable447BC44E",
      },
    },
  },
  "Parameters": {
    "BootstrapVersion": {
      "Default": "/cdk-bootstrap/hnb659fds/version",
      "Description": "Version of the CDK Bootstrap resources in this environment, automatically retrieved from SSM Parameter Store. [cdk:skip]",
      "Type": "AWS::SSM::Parameter::Value<String>",
    },
  },
  "Resources": {
    "DataTable447BC44E": {
      "DeletionPolicy": "Retain",
      "Properties": {
        "AttributeDefinitions": [
          {
            "AttributeName": "entityId",
            "AttributeType": "S",
          },
        ],
        "BillingMode": "PAY_PER_REQUEST",
        "KeySchema": [
          {
            "AttributeName": "entityId",
            "KeyType": "HASH",
          },
        ],
        "StreamSpecification": {
          "StreamViewType": "NEW_AND_OLD_IMAGES",
        },
        "TableName": "apiglobaldevstackevstackdatatabled8b98642c101a1543054",
      },
      "Type": "AWS::DynamoDB::Table",
      "UpdateReplacePolicy": "Retain",
    },
    "DataTableReplicaapnortheast1F85B661A": {
      "DeletionPolicy": "Delete",
      "DependsOn": [
        "DataTableReplicaapsoutheast3ACB22189",
        "DataTableSourceTableAttachedManagedPolicyAPIGlobalDevStackawscdkawsdynamodbReplicaProviderIsCompleteHandlerServiceRoleFA19674014C5BA32",
        "DataTableSourceTableAttachedManagedPolicyAPIGlobalDevStackawscdkawsdynamodbReplicaProviderOnEventHandlerServiceRole9AC6F94BB7CC2633",
      ],
      "Properties": {
        "Region": "ap-northeast-1",
        "ServiceToken": {
          "Fn::GetAtt": [
            "awscdkawsdynamodbReplicaProviderNestedStackawscdkawsdynamodbReplicaProviderNestedStackResource18E3F12D",
            "Outputs.APIGlobalDevStackawscdkawsdynamodbReplicaProviderframeworkonEvent22C0CFD1Arn",
          ],
        },
        "TableName": {
          "Ref": "DataTable447BC44E",
        },
      },
      "Type": "Custom::DynamoDBReplica",
      "UpdateReplacePolicy": "Delete",
    },
    "DataTableReplicaapnortheast218A5E5E8": {
      "DeletionPolicy": "Delete",
      "DependsOn": [
        "DataTableReplicaapnortheast1F85B661A",
        "DataTableSourceTableAttachedManagedPolicyAPIGlobalDevStackawscdkawsdynamodbReplicaProviderIsCompleteHandlerServiceRoleFA19674014C5BA32",
        "DataTableSourceTableAttachedManagedPolicyAPIGlobalDevStackawscdkawsdynamodbReplicaProviderOnEventHandlerServiceRole9AC6F94BB7CC2633",
      ],
      "Properties": {
        "Region": "ap-northeast-2",
        "ServiceToken": {
          "Fn::GetAtt": [
            "awscdkawsdynamodbReplicaProviderNestedStackawscdkawsdynamodbReplicaProviderNestedStackResource18E3F12D",
            "Outputs.APIGlobalDevStackawscdkawsdynamodbReplicaProviderframeworkonEvent22C0CFD1Arn",
          ],
        },
        "TableName": {
          "Ref": "DataTable447BC44E",
        },
      },
      "Type": "Custom::DynamoDBReplica",
      "UpdateReplacePolicy": "Delete",
    },
    "DataTableReplicaapnortheast307421D9E": {
      "DeletionPolicy": "Delete",
      "DependsOn": [
        "DataTableReplicaapnortheast218A5E5E8",
        "DataTableSourceTableAttachedManagedPolicyAPIGlobalDevStackawscdkawsdynamodbReplicaProviderIsCompleteHandlerServiceRoleFA19674014C5BA32",
        "DataTableSourceTableAttachedManagedPolicyAPIGlobalDevStackawscdkawsdynamodbReplicaProviderOnEventHandlerServiceRole9AC6F94BB7CC2633",
      ],
      "Properties": {
        "Region": "ap-northeast-3",
        "ServiceToken": {
          "Fn::GetAtt": [
            "awscdkawsdynamodbReplicaProviderNestedStackawscdkawsdynamodbReplicaProviderNestedStackResource18E3F12D",
            "Outputs.APIGlobalDevStackawscdkawsdynamodbReplicaProviderframeworkonEvent22C0CFD1Arn",
          ],
        },
        "TableName": {
          "Ref": "DataTable447BC44E",
        },
      },
      "Type": "Custom::DynamoDBReplica",
      "UpdateReplacePolicy": "Delete",
    },
    "DataTableReplicaapsouth1C90A74EF": {
      "DeletionPolicy": "Delete",
      "DependsOn": [
        "DataTableReplicaeusouth2515F6EAD",
        "DataTableSourceTableAttachedManagedPolicyAPIGlobalDevStackawscdkawsdynamodbReplicaProviderIsCompleteHandlerServiceRoleFA19674014C5BA32",
        "DataTableSourceTableAttachedManagedPolicyAPIGlobalDevStackawscdkawsdynamodbReplicaProviderOnEventHandlerServiceRole9AC6F94BB7CC2633",
      ],
      "Properties": {
        "Region": "ap-south-1",
        "ServiceToken": {
          "Fn::GetAtt": [
            "awscdkawsdynamodbReplicaProviderNestedStackawscdkawsdynamodbReplicaProviderNestedStackResource18E3F12D",
            "Outputs.APIGlobalDevStackawscdkawsdynamodbReplicaProviderframeworkonEvent22C0CFD1Arn",
          ],
        },
        "TableName": {
          "Ref": "DataTable447BC44E",
        },
      },
      "Type": "Custom::DynamoDBReplica",
      "UpdateReplacePolicy": "Delete",
    },
    "DataTableReplicaapsouth2FA578A16": {
      "DeletionPolicy": "Delete",
      "DependsOn": [
        "DataTableReplicaapsouth1C90A74EF",
        "DataTableSourceTableAttachedManagedPolicyAPIGlobalDevStackawscdkawsdynamodbReplicaProviderIsCompleteHandlerServiceRoleFA19674014C5BA32",
        "DataTableSourceTableAttachedManagedPolicyAPIGlobalDevStackawscdkawsdynamodbReplicaProviderOnEventHandlerServiceRole9AC6F94BB7CC2633",
      ],
      "Properties": {
        "Region": "ap-south-2",
        "ServiceToken": {
          "Fn::GetAtt": [
            "awscdkawsdynamodbReplicaProviderNestedStackawscdkawsdynamodbReplicaProviderNestedStackResource18E3F12D",
            "Outputs.APIGlobalDevStackawscdkawsdynamodbReplicaProviderframeworkonEvent22C0CFD1Arn",
          ],
        },
        "TableName": {
          "Ref": "DataTable447BC44E",
        },
      },
      "Type": "Custom::DynamoDBReplica",
      "UpdateReplacePolicy": "Delete",
    },
    "DataTableReplicaapsoutheast11A3D4E48": {
      "DeletionPolicy": "Delete",
      "DependsOn": [
        "DataTableReplicaapsouth2FA578A16",
        "DataTableSourceTableAttachedManagedPolicyAPIGlobalDevStackawscdkawsdynamodbReplicaProviderIsCompleteHandlerServiceRoleFA19674014C5BA32",
        "DataTableSourceTableAttachedManagedPolicyAPIGlobalDevStackawscdkawsdynamodbReplicaProviderOnEventHandlerServiceRole9AC6F94BB7CC2633",
      ],
      "Properties": {
        "Region": "ap-southeast-1",
        "ServiceToken": {
          "Fn::GetAtt": [
            "awscdkawsdynamodbReplicaProviderNestedStackawscdkawsdynamodbReplicaProviderNestedStackResource18E3F12D",
            "Outputs.APIGlobalDevStackawscdkawsdynamodbReplicaProviderframeworkonEvent22C0CFD1Arn",
          ],
        },
        "TableName": {
          "Ref": "DataTable447BC44E",
        },
      },
      "Type": "Custom::DynamoDBReplica",
      "UpdateReplacePolicy": "Delete",
    },
    "DataTableReplicaapsoutheast265B54B55": {
      "DeletionPolicy": "Delete",
      "DependsOn": [
        "DataTableReplicaapsoutheast11A3D4E48",
        "DataTableSourceTableAttachedManagedPolicyAPIGlobalDevStackawscdkawsdynamodbReplicaProviderIsCompleteHandlerServiceRoleFA19674014C5BA32",
        "DataTableSourceTableAttachedManagedPolicyAPIGlobalDevStackawscdkawsdynamodbReplicaProviderOnEventHandlerServiceRole9AC6F94BB7CC2633",
      ],
      "Properties": {
        "Region": "ap-southeast-2",
        "ServiceToken": {
          "Fn::GetAtt": [
            "awscdkawsdynamodbReplicaProviderNestedStackawscdkawsdynamodbReplicaProviderNestedStackResource18E3F12D",
            "Outputs.APIGlobalDevStackawscdkawsdynamodbReplicaProviderframeworkonEvent22C0CFD1Arn",
          ],
        },
        "TableName": {
          "Ref": "DataTable447BC44E",
        },
      },
      "Type": "Custom::DynamoDBReplica",
      "UpdateReplacePolicy": "Delete",
    },
    "DataTableReplicaapsoutheast3ACB22189": {
      "DeletionPolicy": "Delete",
      "DependsOn": [
        "DataTableReplicaapsoutheast265B54B55",
        "DataTableSourceTableAttachedManagedPolicyAPIGlobalDevStackawscdkawsdynamodbReplicaProviderIsCompleteHandlerServiceRoleFA19674014C5BA32",
        "DataTableSourceTableAttachedManagedPolicyAPIGlobalDevStackawscdkawsdynamodbReplicaProviderOnEventHandlerServiceRole9AC6F94BB7CC2633",
      ],
      "Properties": {
        "Region": "ap-southeast-3",
        "ServiceToken": {
          "Fn::GetAtt": [
            "awscdkawsdynamodbReplicaProviderNestedStackawscdkawsdynamodbReplicaProviderNestedStackResource18E3F12D",
            "Outputs.APIGlobalDevStackawscdkawsdynamodbReplicaProviderframeworkonEvent22C0CFD1Arn",
          ],
        },
        "TableName": {
          "Ref": "DataTable447BC44E",
        },
      },
      "Type": "Custom::DynamoDBReplica",
      "UpdateReplacePolicy": "Delete",
    },
    "DataTableReplicacacentral142D6A8D2": {
      "DeletionPolicy": "Delete",
      "DependsOn": [
        "DataTableReplicauswest26F7D6E98",
        "DataTableSourceTableAttachedManagedPolicyAPIGlobalDevStackawscdkawsdynamodbReplicaProviderIsCompleteHandlerServiceRoleFA19674014C5BA32",
        "DataTableSourceTableAttachedManagedPolicyAPIGlobalDevStackawscdkawsdynamodbReplicaProviderOnEventHandlerServiceRole9AC6F94BB7CC2633",
      ],
      "Properties": {
        "Region": "ca-central-1",
        "ServiceToken": {
          "Fn::GetAtt": [
            "awscdkawsdynamodbReplicaProviderNestedStackawscdkawsdynamodbReplicaProviderNestedStackResource18E3F12D",
            "Outputs.APIGlobalDevStackawscdkawsdynamodbReplicaProviderframeworkonEvent22C0CFD1Arn",
          ],
        },
        "TableName": {
          "Ref": "DataTable447BC44E",
        },
      },
      "Type": "Custom::DynamoDBReplica",
      "UpdateReplacePolicy": "Delete",
    },
    "DataTableReplicaeucentral19F2A8C89": {
      "DeletionPolicy": "Delete",
      "DependsOn": [
        "DataTableReplicacacentral142D6A8D2",
        "DataTableSourceTableAttachedManagedPolicyAPIGlobalDevStackawscdkawsdynamodbReplicaProviderIsCompleteHandlerServiceRoleFA19674014C5BA32",
        "DataTableSourceTableAttachedManagedPolicyAPIGlobalDevStackawscdkawsdynamodbReplicaProviderOnEventHandlerServiceRole9AC6F94BB7CC2633",
      ],
      "Properties": {
        "Region": "eu-central-1",
        "ServiceToken": {
          "Fn::GetAtt": [
            "awscdkawsdynamodbReplicaProviderNestedStackawscdkawsdynamodbReplicaProviderNestedStackResource18E3F12D",
            "Outputs.APIGlobalDevStackawscdkawsdynamodbReplicaProviderframeworkonEvent22C0CFD1Arn",
          ],
        },
        "TableName": {
          "Ref": "DataTable447BC44E",
        },
      },
      "Type": "Custom::DynamoDBReplica",
      "UpdateReplacePolicy": "Delete",
    },
    "DataTableReplicaeucentral251D569D7": {
      "DeletionPolicy": "Delete",
      "DependsOn": [
        "DataTableReplicaeucentral19F2A8C89",
        "DataTableSourceTableAttachedManagedPolicyAPIGlobalDevStackawscdkawsdynamodbReplicaProviderIsCompleteHandlerServiceRoleFA19674014C5BA32",
        "DataTableSourceTableAttachedManagedPolicyAPIGlobalDevStackawscdkawsdynamodbReplicaProviderOnEventHandlerServiceRole9AC6F94BB7CC2633",
      ],
      "Properties": {
        "Region": "eu-central-2",
        "ServiceToken": {
          "Fn::GetAtt": [
            "awscdkawsdynamodbReplicaProviderNestedStackawscdkawsdynamodbReplicaProviderNestedStackResource18E3F12D",
            "Outputs.APIGlobalDevStackawscdkawsdynamodbReplicaProviderframeworkonEvent22C0CFD1Arn",
          ],
        },
        "TableName": {
          "Ref": "DataTable447BC44E",
        },
      },
      "Type": "Custom::DynamoDBReplica",
      "UpdateReplacePolicy": "Delete",
    },
    "DataTableReplicaeunorth101DD4219": {
      "DeletionPolicy": "Delete",
      "DependsOn": [
        "DataTableReplicaeucentral251D569D7",
        "DataTableSourceTableAttachedManagedPolicyAPIGlobalDevStackawscdkawsdynamodbReplicaProviderIsCompleteHandlerServiceRoleFA19674014C5BA32",
        "DataTableSourceTableAttachedManagedPolicyAPIGlobalDevStackawscdkawsdynamodbReplicaProviderOnEventHandlerServiceRole9AC6F94BB7CC2633",
      ],
      "Properties": {
        "Region": "eu-north-1",
        "ServiceToken": {
          "Fn::GetAtt": [
            "awscdkawsdynamodbReplicaProviderNestedStackawscdkawsdynamodbReplicaProviderNestedStackResource18E3F12D",
            "Outputs.APIGlobalDevStackawscdkawsdynamodbReplicaProviderframeworkonEvent22C0CFD1Arn",
          ],
        },
        "TableName": {
          "Ref": "DataTable447BC44E",
        },
      },
      "Type": "Custom::DynamoDBReplica",
      "UpdateReplacePolicy": "Delete",
    },
    "DataTableReplicaeusouth15EDF7F8C": {
      "DeletionPolicy": "Delete",
      "DependsOn": [
        "DataTableReplicaeuwest329C340EB",
        "DataTableSourceTableAttachedManagedPolicyAPIGlobalDevStackawscdkawsdynamodbReplicaProviderIsCompleteHandlerServiceRoleFA19674014C5BA32",
        "DataTableSourceTableAttachedManagedPolicyAPIGlobalDevStackawscdkawsdynamodbReplicaProviderOnEventHandlerServiceRole9AC6F94BB7CC2633",
      ],
      "Properties": {
        "Region": "eu-south-1",
        "ServiceToken": {
          "Fn::GetAtt": [
            "awscdkawsdynamodbReplicaProviderNestedStackawscdkawsdynamodbReplicaProviderNestedStackResource18E3F12D",
            "Outputs.APIGlobalDevStackawscdkawsdynamodbReplicaProviderframeworkonEvent22C0CFD1Arn",
          ],
        },
        "TableName": {
          "Ref": "DataTable447BC44E",
        },
      },
      "Type": "Custom::DynamoDBReplica",
      "UpdateReplacePolicy": "Delete",
    },
    "DataTableReplicaeusouth2515F6EAD": {
      "DeletionPolicy": "Delete",
      "DependsOn": [
        "DataTableReplicaeusouth15EDF7F8C",
        "DataTableSourceTableAttachedManagedPolicyAPIGlobalDevStackawscdkawsdynamodbReplicaProviderIsCompleteHandlerServiceRoleFA19674014C5BA32",
        "DataTableSourceTableAttachedManagedPolicyAPIGlobalDevStackawscdkawsdynamodbReplicaProviderOnEventHandlerServiceRole9AC6F94BB7CC2633",
      ],
      "Properties": {
        "Region": "eu-south-2",
        "ServiceToken": {
          "Fn::GetAtt": [
            "awscdkawsdynamodbReplicaProviderNestedStackawscdkawsdynamodbReplicaProviderNestedStackResource18E3F12D",
            "Outputs.APIGlobalDevStackawscdkawsdynamodbReplicaProviderframeworkonEvent22C0CFD1Arn",
          ],
        },
        "TableName": {
          "Ref": "DataTable447BC44E",
        },
      },
      "Type": "Custom::DynamoDBReplica",
      "UpdateReplacePolicy": "Delete",
    },
    "DataTableReplicaeuwest1AA092C67": {
      "DeletionPolicy": "Delete",
      "DependsOn": [
        "DataTableReplicaeunorth101DD4219",
        "DataTableSourceTableAttachedManagedPolicyAPIGlobalDevStackawscdkawsdynamodbReplicaProviderIsCompleteHandlerServiceRoleFA19674014C5BA32",
        "DataTableSourceTableAttachedManagedPolicyAPIGlobalDevStackawscdkawsdynamodbReplicaProviderOnEventHandlerServiceRole9AC6F94BB7CC2633",
      ],
      "Properties": {
        "Region": "eu-west-1",
        "ServiceToken": {
          "Fn::GetAtt": [
            "awscdkawsdynamodbReplicaProviderNestedStackawscdkawsdynamodbReplicaProviderNestedStackResource18E3F12D",
            "Outputs.APIGlobalDevStackawscdkawsdynamodbReplicaProviderframeworkonEvent22C0CFD1Arn",
          ],
        },
        "TableName": {
          "Ref": "DataTable447BC44E",
        },
      },
      "Type": "Custom::DynamoDBReplica",
      "UpdateReplacePolicy": "Delete",
    },
    "DataTableReplicaeuwest329C340EB": {
      "DeletionPolicy": "Delete",
      "DependsOn": [
        "DataTableReplicaeuwest1AA092C67",
        "DataTableSourceTableAttachedManagedPolicyAPIGlobalDevStackawscdkawsdynamodbReplicaProviderIsCompleteHandlerServiceRoleFA19674014C5BA32",
        "DataTableSourceTableAttachedManagedPolicyAPIGlobalDevStackawscdkawsdynamodbReplicaProviderOnEventHandlerServiceRole9AC6F94BB7CC2633",
      ],
      "Properties": {
        "Region": "eu-west-3",
        "ServiceToken": {
          "Fn::GetAtt": [
            "awscdkawsdynamodbReplicaProviderNestedStackawscdkawsdynamodbReplicaProviderNestedStackResource18E3F12D",
            "Outputs.APIGlobalDevStackawscdkawsdynamodbReplicaProviderframeworkonEvent22C0CFD1Arn",
          ],
        },
        "TableName": {
          "Ref": "DataTable447BC44E",
        },
      },
      "Type": "Custom::DynamoDBReplica",
      "UpdateReplacePolicy": "Delete",
    },
    "DataTableReplicamecentral1DB415A9B": {
      "DeletionPolicy": "Delete",
      "DependsOn": [
        "DataTableReplicaapnortheast307421D9E",
        "DataTableSourceTableAttachedManagedPolicyAPIGlobalDevStackawscdkawsdynamodbReplicaProviderIsCompleteHandlerServiceRoleFA19674014C5BA32",
        "DataTableSourceTableAttachedManagedPolicyAPIGlobalDevStackawscdkawsdynamodbReplicaProviderOnEventHandlerServiceRole9AC6F94BB7CC2633",
      ],
      "Properties": {
        "Region": "me-central-1",
        "ServiceToken": {
          "Fn::GetAtt": [
            "awscdkawsdynamodbReplicaProviderNestedStackawscdkawsdynamodbReplicaProviderNestedStackResource18E3F12D",
            "Outputs.APIGlobalDevStackawscdkawsdynamodbReplicaProviderframeworkonEvent22C0CFD1Arn",
          ],
        },
        "TableName": {
          "Ref": "DataTable447BC44E",
        },
      },
      "Type": "Custom::DynamoDBReplica",
      "UpdateReplacePolicy": "Delete",
    },
    "DataTableReplicauseast1F4B533DF": {
      "DeletionPolicy": "Delete",
      "DependsOn": [
        "DataTableSourceTableAttachedManagedPolicyAPIGlobalDevStackawscdkawsdynamodbReplicaProviderIsCompleteHandlerServiceRoleFA19674014C5BA32",
        "DataTableSourceTableAttachedManagedPolicyAPIGlobalDevStackawscdkawsdynamodbReplicaProviderOnEventHandlerServiceRole9AC6F94BB7CC2633",
      ],
      "Properties": {
        "Region": "us-east-1",
        "ServiceToken": {
          "Fn::GetAtt": [
            "awscdkawsdynamodbReplicaProviderNestedStackawscdkawsdynamodbReplicaProviderNestedStackResource18E3F12D",
            "Outputs.APIGlobalDevStackawscdkawsdynamodbReplicaProviderframeworkonEvent22C0CFD1Arn",
          ],
        },
        "TableName": {
          "Ref": "DataTable447BC44E",
        },
      },
      "Type": "Custom::DynamoDBReplica",
      "UpdateReplacePolicy": "Delete",
    },
    "DataTableReplicauseast22B50A567": {
      "DeletionPolicy": "Delete",
      "DependsOn": [
        "DataTableReplicauseast1F4B533DF",
        "DataTableSourceTableAttachedManagedPolicyAPIGlobalDevStackawscdkawsdynamodbReplicaProviderIsCompleteHandlerServiceRoleFA19674014C5BA32",
        "DataTableSourceTableAttachedManagedPolicyAPIGlobalDevStackawscdkawsdynamodbReplicaProviderOnEventHandlerServiceRole9AC6F94BB7CC2633",
      ],
      "Properties": {
        "Region": "us-east-2",
        "ServiceToken": {
          "Fn::GetAtt": [
            "awscdkawsdynamodbReplicaProviderNestedStackawscdkawsdynamodbReplicaProviderNestedStackResource18E3F12D",
            "Outputs.APIGlobalDevStackawscdkawsdynamodbReplicaProviderframeworkonEvent22C0CFD1Arn",
          ],
        },
        "TableName": {
          "Ref": "DataTable447BC44E",
        },
      },
      "Type": "Custom::DynamoDBReplica",
      "UpdateReplacePolicy": "Delete",
    },
    "DataTableReplicauswest1EA64337D": {
      "DeletionPolicy": "Delete",
      "DependsOn": [
        "DataTableReplicauseast22B50A567",
        "DataTableSourceTableAttachedManagedPolicyAPIGlobalDevStackawscdkawsdynamodbReplicaProviderIsCompleteHandlerServiceRoleFA19674014C5BA32",
        "DataTableSourceTableAttachedManagedPolicyAPIGlobalDevStackawscdkawsdynamodbReplicaProviderOnEventHandlerServiceRole9AC6F94BB7CC2633",
      ],
      "Properties": {
        "Region": "us-west-1",
        "ServiceToken": {
          "Fn::GetAtt": [
            "awscdkawsdynamodbReplicaProviderNestedStackawscdkawsdynamodbReplicaProviderNestedStackResource18E3F12D",
            "Outputs.APIGlobalDevStackawscdkawsdynamodbReplicaProviderframeworkonEvent22C0CFD1Arn",
          ],
        },
        "TableName": {
          "Ref": "DataTable447BC44E",
        },
      },
      "Type": "Custom::DynamoDBReplica",
      "UpdateReplacePolicy": "Delete",
    },
    "DataTableReplicauswest26F7D6E98": {
      "DeletionPolicy": "Delete",
      "DependsOn": [
        "DataTableReplicauswest1EA64337D",
        "DataTableSourceTableAttachedManagedPolicyAPIGlobalDevStackawscdkawsdynamodbReplicaProviderIsCompleteHandlerServiceRoleFA19674014C5BA32",
        "DataTableSourceTableAttachedManagedPolicyAPIGlobalDevStackawscdkawsdynamodbReplicaProviderOnEventHandlerServiceRole9AC6F94BB7CC2633",
      ],
      "Properties": {
        "Region": "us-west-2",
        "ServiceToken": {
          "Fn::GetAtt": [
            "awscdkawsdynamodbReplicaProviderNestedStackawscdkawsdynamodbReplicaProviderNestedStackResource18E3F12D",
            "Outputs.APIGlobalDevStackawscdkawsdynamodbReplicaProviderframeworkonEvent22C0CFD1Arn",
          ],
        },
        "TableName": {
          "Ref": "DataTable447BC44E",
        },
      },
      "Type": "Custom::DynamoDBReplica",
      "UpdateReplacePolicy": "Delete",
    },
    "DataTableSourceTableAttachedManagedPolicyAPIGlobalDevStackawscdkawsdynamodbReplicaProviderIsCompleteHandlerServiceRoleFA19674014C5BA32": {
      "Properties": {
        "Description": {
          "Fn::Join": [
            "",
            [
              "DynamoDB replication managed policy for table ",
              {
                "Ref": "DataTable447BC44E",
              },
            ],
          ],
        },
        "Path": "/",
        "PolicyDocument": {
          "Statement": [
            {
              "Action": "dynamodb:DescribeTable",
              "Effect": "Allow",
              "Resource": [
                {
                  "Fn::GetAtt": [
                    "DataTable447BC44E",
                    "Arn",
                  ],
                },
                {
                  "Ref": "AWS::NoValue",
                },
              ],
            },
          ],
          "Version": "2012-10-17",
        },
        "Roles": [
          {
            "Fn::GetAtt": [
              "awscdkawsdynamodbReplicaProviderNestedStackawscdkawsdynamodbReplicaProviderNestedStackResource18E3F12D",
              "Outputs.APIGlobalDevStackawscdkawsdynamodbReplicaProviderIsCompleteHandlerServiceRole181BF51ERef",
            ],
          },
        ],
      },
      "Type": "AWS::IAM::ManagedPolicy",
    },
    "DataTableSourceTableAttachedManagedPolicyAPIGlobalDevStackawscdkawsdynamodbReplicaProviderOnEventHandlerServiceRole9AC6F94BB7CC2633": {
      "Properties": {
        "Description": {
          "Fn::Join": [
            "",
            [
              "DynamoDB replication managed policy for table ",
              {
                "Ref": "DataTable447BC44E",
              },
            ],
          ],
        },
        "Path": "/",
        "PolicyDocument": {
          "Statement": [
            {
              "Action": "dynamodb:*",
              "Effect": "Allow",
              "Resource": [
                {
                  "Fn::GetAtt": [
                    "DataTable447BC44E",
                    "Arn",
                  ],
                },
                {
                  "Ref": "AWS::NoValue",
                },
              ],
            },
            {
              "Action": "dynamodb:*",
              "Effect": "Allow",
              "Resource": [
                {
                  "Fn::Join": [
                    "",
                    [
                      "arn:",
                      {
                        "Ref": "AWS::Partition",
                      },
                      ":dynamodb:us-east-1:0123456789:table/",
                      {
                        "Ref": "DataTable447BC44E",
                      },
                    ],
                  ],
                },
                {
                  "Fn::Join": [
                    "",
                    [
                      "arn:",
                      {
                        "Ref": "AWS::Partition",
                      },
                      ":dynamodb:us-east-2:0123456789:table/",
                      {
                        "Ref": "DataTable447BC44E",
                      },
                    ],
                  ],
                },
                {
                  "Fn::Join": [
                    "",
                    [
                      "arn:",
                      {
                        "Ref": "AWS::Partition",
                      },
                      ":dynamodb:us-west-1:0123456789:table/",
                      {
                        "Ref": "DataTable447BC44E",
                      },
                    ],
                  ],
                },
                {
                  "Fn::Join": [
                    "",
                    [
                      "arn:",
                      {
                        "Ref": "AWS::Partition",
                      },
                      ":dynamodb:us-west-2:0123456789:table/",
                      {
                        "Ref": "DataTable447BC44E",
                      },
                    ],
                  ],
                },
                {
                  "Fn::Join": [
                    "",
                    [
                      "arn:",
                      {
                        "Ref": "AWS::Partition",
                      },
                      ":dynamodb:ca-central-1:0123456789:table/",
                      {
                        "Ref": "DataTable447BC44E",
                      },
                    ],
                  ],
                },
                {
                  "Fn::Join": [
                    "",
                    [
                      "arn:",
                      {
                        "Ref": "AWS::Partition",
                      },
                      ":dynamodb:eu-central-1:0123456789:table/",
                      {
                        "Ref": "DataTable447BC44E",
                      },
                    ],
                  ],
                },
                {
                  "Fn::Join": [
                    "",
                    [
                      "arn:",
                      {
                        "Ref": "AWS::Partition",
                      },
                      ":dynamodb:eu-central-2:0123456789:table/",
                      {
                        "Ref": "DataTable447BC44E",
                      },
                    ],
                  ],
                },
                {
                  "Fn::Join": [
                    "",
                    [
                      "arn:",
                      {
                        "Ref": "AWS::Partition",
                      },
                      ":dynamodb:eu-north-1:0123456789:table/",
                      {
                        "Ref": "DataTable447BC44E",
                      },
                    ],
                  ],
                },
                {
                  "Fn::Join": [
                    "",
                    [
                      "arn:",
                      {
                        "Ref": "AWS::Partition",
                      },
                      ":dynamodb:eu-west-1:0123456789:table/",
                      {
                        "Ref": "DataTable447BC44E",
                      },
                    ],
                  ],
                },
                {
                  "Fn::Join": [
                    "",
                    [
                      "arn:",
                      {
                        "Ref": "AWS::Partition",
                      },
                      ":dynamodb:eu-west-3:0123456789:table/",
                      {
                        "Ref": "DataTable447BC44E",
                      },
                    ],
                  ],
                },
                {
                  "Fn::Join": [
                    "",
                    [
                      "arn:",
                      {
                        "Ref": "AWS::Partition",
                      },
                      ":dynamodb:eu-south-1:0123456789:table/",
                      {
                        "Ref": "DataTable447BC44E",
                      },
                    ],
                  ],
                },
                {
                  "Fn::Join": [
                    "",
                    [
                      "arn:",
                      {
                        "Ref": "AWS::Partition",
                      },
                      ":dynamodb:eu-south-2:0123456789:table/",
                      {
                        "Ref": "DataTable447BC44E",
                      },
                    ],
                  ],
                },
                {
                  "Fn::Join": [
                    "",
                    [
                      "arn:",
                      {
                        "Ref": "AWS::Partition",
                      },
                      ":dynamodb:ap-south-1:0123456789:table/",
                      {
                        "Ref": "DataTable447BC44E",
                      },
                    ],
                  ],
                },
                {
                  "Fn::Join": [
                    "",
                    [
                      "arn:",
                      {
                        "Ref": "AWS::Partition",
                      },
                      ":dynamodb:ap-south-2:0123456789:table/",
                      {
                        "Ref": "DataTable447BC44E",
                      },
                    ],
                  ],
                },
                {
                  "Fn::Join": [
                    "",
                    [
                      "arn:",
                      {
                        "Ref": "AWS::Partition",
                      },
                      ":dynamodb:ap-southeast-1:0123456789:table/",
                      {
                        "Ref": "DataTable447BC44E",
                      },
                    ],
                  ],
                },
                {
                  "Fn::Join": [
                    "",
                    [
                      "arn:",
                      {
                        "Ref": "AWS::Partition",
                      },
                      ":dynamodb:ap-southeast-2:0123456789:table/",
                      {
                        "Ref": "DataTable447BC44E",
                      },
                    ],
                  ],
                },
                {
                  "Fn::Join": [
                    "",
                    [
                      "arn:",
                      {
                        "Ref": "AWS::Partition",
                      },
                      ":dynamodb:ap-southeast-3:0123456789:table/",
                      {
                        "Ref": "DataTable447BC44E",
                      },
                    ],
                  ],
                },
                {
                  "Fn::Join": [
                    "",
                    [
                      "arn:",
                      {
                        "Ref": "AWS::Partition",
                      },
                      ":dynamodb:ap-northeast-1:0123456789:table/",
                      {
                        "Ref": "DataTable447BC44E",
                      },
                    ],
                  ],
                },
                {
                  "Fn::Join": [
                    "",
                    [
                      "arn:",
                      {
                        "Ref": "AWS::Partition",
                      },
                      ":dynamodb:ap-northeast-2:0123456789:table/",
                      {
                        "Ref": "DataTable447BC44E",
                      },
                    ],
                  ],
                },
                {
                  "Fn::Join": [
                    "",
                    [
                      "arn:",
                      {
                        "Ref": "AWS::Partition",
                      },
                      ":dynamodb:ap-northeast-3:0123456789:table/",
                      {
                        "Ref": "DataTable447BC44E",
                      },
                    ],
                  ],
                },
                {
                  "Fn::Join": [
                    "",
                    [
                      "arn:",
                      {
                        "Ref": "AWS::Partition",
                      },
                      ":dynamodb:me-central-1:0123456789:table/",
                      {
                        "Ref": "DataTable447BC44E",
                      },
                    ],
                  ],
                },
              ],
            },
          ],
          "Version": "2012-10-17",
        },
        "Roles": [
          {
            "Fn::GetAtt": [
              "awscdkawsdynamodbReplicaProviderNestedStackawscdkawsdynamodbReplicaProviderNestedStackResource18E3F12D",
              "Outputs.APIGlobalDevStackawscdkawsdynamodbReplicaProviderOnEventHandlerServiceRole0EC35282Ref",
            ],
          },
        ],
      },
      "Type": "AWS::IAM::ManagedPolicy",
    },
    "awscdkawsdynamodbReplicaProviderNestedStackawscdkawsdynamodbReplicaProviderNestedStackResource18E3F12D": {
      "DeletionPolicy": "Delete",
      "Properties": {
        "TemplateURL": {
          "Fn::Join": [
            "",
            [
              "https://s3.eu-west-2.",
              {
                "Ref": "AWS::URLSuffix",
              },
              "/cdk-hnb659fds-assets-0123456789-eu-west-2/736c4e5413d06bda2b68eead1a851838ac6693b2ccdc3bf6a80b1a71fb4c7390.json",
            ],
          ],
        },
      },
      "Type": "AWS::CloudFormation::Stack",
      "UpdateReplacePolicy": "Delete",
    },
  },
  "Rules": {
    "CheckBootstrapVersion": {
      "Assertions": [
        {
          "Assert": {
            "Fn::Not": [
              {
                "Fn::Contains": [
                  [
                    "1",
                    "2",
                    "3",
                    "4",
                    "5",
                  ],
                  {
                    "Ref": "BootstrapVersion",
                  },
                ],
              },
            ],
          },
          "AssertDescription": "CDK bootstrap stack version 6 required. Please run 'cdk bootstrap' with a recent version of the CDK CLI.",
        },
      ],
    },
  },
}
`;

exports[`API Global Cloud synthesizes correctly 2`] = `
{
  "Parameters": {
    "BootstrapVersion": {
      "Default": "/cdk-bootstrap/hnb659fds/version",
      "Description": "Version of the CDK Bootstrap resources in this environment, automatically retrieved from SSM Parameter Store. [cdk:skip]",
      "Type": "AWS::SSM::Parameter::Value<String>",
    },
  },
  "Resources": {
    "ApiHandler5E7490E8": {
      "DependsOn": [
        "ApiHandlerServiceRoleDefaultPolicy10321D87",
        "ApiHandlerServiceRoleOverflowPolicy147BA3B1F",
        "ApiHandlerServiceRole592E70E9",
      ],
      "Properties": {
        "Code": {
          "ZipFile": "exports.handler = () => {console.log(process.env.EXAMPLE_TABLE_NAME); return "SUCCESS"}",
        },
        "Environment": {
          "Variables": {
            "DATA_TABLE_NAME": "apiglobaldevstackevstackdatatabled8b98642c101a1543054",
          },
        },
        "Handler": "handler",
        "Role": {
          "Fn::GetAtt": [
            "ApiHandlerServiceRole592E70E9",
            "Arn",
          ],
        },
        "Runtime": "nodejs14.x",
      },
      "Type": "AWS::Lambda::Function",
    },
    "ApiHandlerServiceRole592E70E9": {
      "Properties": {
        "AssumeRolePolicyDocument": {
          "Statement": [
            {
              "Action": "sts:AssumeRole",
              "Effect": "Allow",
              "Principal": {
                "Service": "lambda.amazonaws.com",
              },
            },
          ],
          "Version": "2012-10-17",
        },
        "ManagedPolicyArns": [
          {
            "Fn::Join": [
              "",
              [
                "arn:",
                {
                  "Ref": "AWS::Partition",
                },
                ":iam::aws:policy/service-role/AWSLambdaBasicExecutionRole",
              ],
            ],
          },
        ],
      },
      "Type": "AWS::IAM::Role",
    },
    "ApiHandlerServiceRoleDefaultPolicy10321D87": {
      "Properties": {
        "PolicyDocument": {
          "Statement": [
            {
              "Action": [
                "dynamodb:PutItem",
                "dynamodb:GetItem",
                "dynamodb:UpdateItem",
              ],
              "Effect": "Allow",
              "Resource": [
                {
                  "Fn::Join": [
                    "",
                    [
                      "arn:",
                      {
                        "Ref": "AWS::Partition",
                      },
                      ":dynamodb:eu-west-2:0123456789:table/apiglobaldevstackevstackdatatabled8b98642c101a1543054",
                    ],
                  ],
                },
                {
                  "Ref": "AWS::NoValue",
                },
                {
                  "Fn::Join": [
                    "",
                    [
                      "arn:",
                      {
                        "Ref": "AWS::Partition",
                      },
                      ":dynamodb:us-east-1:0123456789:table/apiglobaldevstackevstackdatatabled8b98642c101a1543054",
                    ],
                  ],
                },
                {
                  "Fn::Join": [
                    "",
                    [
                      "arn:",
                      {
                        "Ref": "AWS::Partition",
                      },
                      ":dynamodb:us-east-2:0123456789:table/apiglobaldevstackevstackdatatabled8b98642c101a1543054",
                    ],
                  ],
                },
                {
                  "Fn::Join": [
                    "",
                    [
                      "arn:",
                      {
                        "Ref": "AWS::Partition",
                      },
                      ":dynamodb:us-west-1:0123456789:table/apiglobaldevstackevstackdatatabled8b98642c101a1543054",
                    ],
                  ],
                },
                {
                  "Fn::Join": [
                    "",
                    [
                      "arn:",
                      {
                        "Ref": "AWS::Partition",
                      },
                      ":dynamodb:us-west-2:0123456789:table/apiglobaldevstackevstackdatatabled8b98642c101a1543054",
                    ],
                  ],
                },
                {
                  "Fn::Join": [
                    "",
                    [
                      "arn:",
                      {
                        "Ref": "AWS::Partition",
                      },
                      ":dynamodb:ca-central-1:0123456789:table/apiglobaldevstackevstackdatatabled8b98642c101a1543054",
                    ],
                  ],
                },
                {
                  "Fn::Join": [
                    "",
                    [
                      "arn:",
                      {
                        "Ref": "AWS::Partition",
                      },
                      ":dynamodb:eu-central-1:0123456789:table/apiglobaldevstackevstackdatatabled8b98642c101a1543054",
                    ],
                  ],
                },
                {
                  "Fn::Join": [
                    "",
                    [
                      "arn:",
                      {
                        "Ref": "AWS::Partition",
                      },
                      ":dynamodb:eu-central-2:0123456789:table/apiglobaldevstackevstackdatatabled8b98642c101a1543054",
                    ],
                  ],
                },
                {
                  "Fn::Join": [
                    "",
                    [
                      "arn:",
                      {
                        "Ref": "AWS::Partition",
                      },
                      ":dynamodb:eu-north-1:0123456789:table/apiglobaldevstackevstackdatatabled8b98642c101a1543054",
                    ],
                  ],
                },
                {
                  "Fn::Join": [
                    "",
                    [
                      "arn:",
                      {
                        "Ref": "AWS::Partition",
                      },
                      ":dynamodb:eu-west-1:0123456789:table/apiglobaldevstackevstackdatatabled8b98642c101a1543054",
                    ],
                  ],
                },
                {
                  "Fn::Join": [
                    "",
                    [
                      "arn:",
                      {
                        "Ref": "AWS::Partition",
                      },
                      ":dynamodb:eu-west-3:0123456789:table/apiglobaldevstackevstackdatatabled8b98642c101a1543054",
                    ],
                  ],
                },
                {
                  "Fn::Join": [
                    "",
                    [
                      "arn:",
                      {
                        "Ref": "AWS::Partition",
                      },
                      ":dynamodb:eu-south-1:0123456789:table/apiglobaldevstackevstackdatatabled8b98642c101a1543054",
                    ],
                  ],
                },
                {
                  "Fn::Join": [
                    "",
                    [
                      "arn:",
                      {
                        "Ref": "AWS::Partition",
                      },
                      ":dynamodb:eu-south-2:0123456789:table/apiglobaldevstackevstackdatatabled8b98642c101a1543054",
                    ],
                  ],
                },
                {
                  "Fn::Join": [
                    "",
                    [
                      "arn:",
                      {
                        "Ref": "AWS::Partition",
                      },
                      ":dynamodb:ap-south-1:0123456789:table/apiglobaldevstackevstackdatatabled8b98642c101a1543054",
                    ],
                  ],
                },
                {
                  "Fn::Join": [
                    "",
                    [
                      "arn:",
                      {
                        "Ref": "AWS::Partition",
                      },
                      ":dynamodb:ap-south-2:0123456789:table/apiglobaldevstackevstackdatatabled8b98642c101a1543054",
                    ],
                  ],
                },
                {
                  "Fn::Join": [
                    "",
                    [
                      "arn:",
                      {
                        "Ref": "AWS::Partition",
                      },
                      ":dynamodb:ap-southeast-1:0123456789:table/apiglobaldevstackevstackdatatabled8b98642c101a1543054",
                    ],
                  ],
                },
                {
                  "Fn::Join": [
                    "",
                    [
                      "arn:",
                      {
                        "Ref": "AWS::Partition",
                      },
                      ":dynamodb:ap-southeast-2:0123456789:table/apiglobaldevstackevstackdatatabled8b98642c101a1543054",
                    ],
                  ],
                },
                {
                  "Fn::Join": [
                    "",
                    [
                      "arn:",
                      {
                        "Ref": "AWS::Partition",
                      },
                      ":dynamodb:ap-southeast-3:0123456789:table/apiglobaldevstackevstackdatatabled8b98642c101a1543054",
                    ],
                  ],
                },
                {
                  "Fn::Join": [
                    "",
                    [
                      "arn:",
                      {
                        "Ref": "AWS::Partition",
                      },
                      ":dynamodb:ap-northeast-1:0123456789:table/apiglobaldevstackevstackdatatabled8b98642c101a1543054",
                    ],
                  ],
                },
                {
                  "Fn::Join": [
                    "",
                    [
                      "arn:",
                      {
                        "Ref": "AWS::Partition",
                      },
                      ":dynamodb:ap-northeast-2:0123456789:table/apiglobaldevstackevstackdatatabled8b98642c101a1543054",
                    ],
                  ],
                },
                {
                  "Fn::Join": [
                    "",
                    [
                      "arn:",
                      {
                        "Ref": "AWS::Partition",
                      },
                      ":dynamodb:ap-northeast-3:0123456789:table/apiglobaldevstackevstackdatatabled8b98642c101a1543054",
                    ],
                  ],
                },
                {
                  "Fn::Join": [
                    "",
                    [
                      "arn:",
                      {
                        "Ref": "AWS::Partition",
                      },
                      ":dynamodb:me-central-1:0123456789:table/apiglobaldevstackevstackdatatabled8b98642c101a1543054",
                    ],
                  ],
                },
                {
                  "Ref": "AWS::NoValue",
                },
                {
                  "Ref": "AWS::NoValue",
                },
                {
                  "Ref": "AWS::NoValue",
                },
                {
                  "Ref": "AWS::NoValue",
                },
                {
                  "Ref": "AWS::NoValue",
                },
                {
                  "Ref": "AWS::NoValue",
                },
                {
                  "Ref": "AWS::NoValue",
                },
                {
                  "Ref": "AWS::NoValue",
                },
                {
                  "Ref": "AWS::NoValue",
                },
                {
                  "Ref": "AWS::NoValue",
                },
                {
                  "Ref": "AWS::NoValue",
                },
                {
                  "Ref": "AWS::NoValue",
                },
                {
                  "Ref": "AWS::NoValue",
                },
                {
                  "Ref": "AWS::NoValue",
                },
                {
                  "Ref": "AWS::NoValue",
                },
                {
                  "Ref": "AWS::NoValue",
                },
                {
                  "Ref": "AWS::NoValue",
                },
                {
                  "Ref": "AWS::NoValue",
                },
                {
                  "Ref": "AWS::NoValue",
                },
                {
                  "Ref": "AWS::NoValue",
                },
                {
                  "Ref": "AWS::NoValue",
                },
              ],
            },
          ],
          "Version": "2012-10-17",
        },
        "PolicyName": "ApiHandlerServiceRoleDefaultPolicy10321D87",
        "Roles": [
          {
            "Ref": "ApiHandlerServiceRole592E70E9",
          },
        ],
      },
      "Type": "AWS::IAM::Policy",
    },
    "ApiHandlerServiceRoleOverflowPolicy147BA3B1F": {
      "Properties": {
        "Description": "Part of the policies for APINorthVirginiaDevStack/ApiHandler/ServiceRole",
        "Path": "/",
        "PolicyDocument": {
          "Statement": [
            {
              "Action": "dynamodb:DeleteItem",
              "Effect": "Allow",
              "Resource": [
                {
                  "Fn::Join": [
                    "",
                    [
                      "arn:",
                      {
                        "Ref": "AWS::Partition",
                      },
                      ":dynamodb:eu-west-2:0123456789:table/apiglobaldevstackevstackdatatabled8b98642c101a1543054",
                    ],
                  ],
                },
                {
                  "Ref": "AWS::NoValue",
                },
                {
                  "Fn::Join": [
                    "",
                    [
                      "arn:",
                      {
                        "Ref": "AWS::Partition",
                      },
                      ":dynamodb:us-east-1:0123456789:table/apiglobaldevstackevstackdatatabled8b98642c101a1543054",
                    ],
                  ],
                },
                {
                  "Fn::Join": [
                    "",
                    [
                      "arn:",
                      {
                        "Ref": "AWS::Partition",
                      },
                      ":dynamodb:us-east-2:0123456789:table/apiglobaldevstackevstackdatatabled8b98642c101a1543054",
                    ],
                  ],
                },
                {
                  "Fn::Join": [
                    "",
                    [
                      "arn:",
                      {
                        "Ref": "AWS::Partition",
                      },
                      ":dynamodb:us-west-1:0123456789:table/apiglobaldevstackevstackdatatabled8b98642c101a1543054",
                    ],
                  ],
                },
                {
                  "Fn::Join": [
                    "",
                    [
                      "arn:",
                      {
                        "Ref": "AWS::Partition",
                      },
                      ":dynamodb:us-west-2:0123456789:table/apiglobaldevstackevstackdatatabled8b98642c101a1543054",
                    ],
                  ],
                },
                {
                  "Fn::Join": [
                    "",
                    [
                      "arn:",
                      {
                        "Ref": "AWS::Partition",
                      },
                      ":dynamodb:ca-central-1:0123456789:table/apiglobaldevstackevstackdatatabled8b98642c101a1543054",
                    ],
                  ],
                },
                {
                  "Fn::Join": [
                    "",
                    [
                      "arn:",
                      {
                        "Ref": "AWS::Partition",
                      },
                      ":dynamodb:eu-central-1:0123456789:table/apiglobaldevstackevstackdatatabled8b98642c101a1543054",
                    ],
                  ],
                },
                {
                  "Fn::Join": [
                    "",
                    [
                      "arn:",
                      {
                        "Ref": "AWS::Partition",
                      },
                      ":dynamodb:eu-central-2:0123456789:table/apiglobaldevstackevstackdatatabled8b98642c101a1543054",
                    ],
                  ],
                },
                {
                  "Fn::Join": [
                    "",
                    [
                      "arn:",
                      {
                        "Ref": "AWS::Partition",
                      },
                      ":dynamodb:eu-north-1:0123456789:table/apiglobaldevstackevstackdatatabled8b98642c101a1543054",
                    ],
                  ],
                },
                {
                  "Fn::Join": [
                    "",
                    [
                      "arn:",
                      {
                        "Ref": "AWS::Partition",
                      },
                      ":dynamodb:eu-west-1:0123456789:table/apiglobaldevstackevstackdatatabled8b98642c101a1543054",
                    ],
                  ],
                },
                {
                  "Fn::Join": [
                    "",
                    [
                      "arn:",
                      {
                        "Ref": "AWS::Partition",
                      },
                      ":dynamodb:eu-west-3:0123456789:table/apiglobaldevstackevstackdatatabled8b98642c101a1543054",
                    ],
                  ],
                },
                {
                  "Fn::Join": [
                    "",
                    [
                      "arn:",
                      {
                        "Ref": "AWS::Partition",
                      },
                      ":dynamodb:eu-south-1:0123456789:table/apiglobaldevstackevstackdatatabled8b98642c101a1543054",
                    ],
                  ],
                },
                {
                  "Fn::Join": [
                    "",
                    [
                      "arn:",
                      {
                        "Ref": "AWS::Partition",
                      },
                      ":dynamodb:eu-south-2:0123456789:table/apiglobaldevstackevstackdatatabled8b98642c101a1543054",
                    ],
                  ],
                },
                {
                  "Fn::Join": [
                    "",
                    [
                      "arn:",
                      {
                        "Ref": "AWS::Partition",
                      },
                      ":dynamodb:ap-south-1:0123456789:table/apiglobaldevstackevstackdatatabled8b98642c101a1543054",
                    ],
                  ],
                },
                {
                  "Fn::Join": [
                    "",
                    [
                      "arn:",
                      {
                        "Ref": "AWS::Partition",
                      },
                      ":dynamodb:ap-south-2:0123456789:table/apiglobaldevstackevstackdatatabled8b98642c101a1543054",
                    ],
                  ],
                },
                {
                  "Fn::Join": [
                    "",
                    [
                      "arn:",
                      {
                        "Ref": "AWS::Partition",
                      },
                      ":dynamodb:ap-southeast-1:0123456789:table/apiglobaldevstackevstackdatatabled8b98642c101a1543054",
                    ],
                  ],
                },
                {
                  "Fn::Join": [
                    "",
                    [
                      "arn:",
                      {
                        "Ref": "AWS::Partition",
                      },
                      ":dynamodb:ap-southeast-2:0123456789:table/apiglobaldevstackevstackdatatabled8b98642c101a1543054",
                    ],
                  ],
                },
                {
                  "Fn::Join": [
                    "",
                    [
                      "arn:",
                      {
                        "Ref": "AWS::Partition",
                      },
                      ":dynamodb:ap-southeast-3:0123456789:table/apiglobaldevstackevstackdatatabled8b98642c101a1543054",
                    ],
                  ],
                },
                {
                  "Fn::Join": [
                    "",
                    [
                      "arn:",
                      {
                        "Ref": "AWS::Partition",
                      },
                      ":dynamodb:ap-northeast-1:0123456789:table/apiglobaldevstackevstackdatatabled8b98642c101a1543054",
                    ],
                  ],
                },
                {
                  "Fn::Join": [
                    "",
                    [
                      "arn:",
                      {
                        "Ref": "AWS::Partition",
                      },
                      ":dynamodb:ap-northeast-2:0123456789:table/apiglobaldevstackevstackdatatabled8b98642c101a1543054",
                    ],
                  ],
                },
                {
                  "Fn::Join": [
                    "",
                    [
                      "arn:",
                      {
                        "Ref": "AWS::Partition",
                      },
                      ":dynamodb:ap-northeast-3:0123456789:table/apiglobaldevstackevstackdatatabled8b98642c101a1543054",
                    ],
                  ],
                },
                {
                  "Fn::Join": [
                    "",
                    [
                      "arn:",
                      {
                        "Ref": "AWS::Partition",
                      },
                      ":dynamodb:me-central-1:0123456789:table/apiglobaldevstackevstackdatatabled8b98642c101a1543054",
                    ],
                  ],
                },
                {
                  "Ref": "AWS::NoValue",
                },
                {
                  "Ref": "AWS::NoValue",
                },
                {
                  "Ref": "AWS::NoValue",
                },
                {
                  "Ref": "AWS::NoValue",
                },
                {
                  "Ref": "AWS::NoValue",
                },
                {
                  "Ref": "AWS::NoValue",
                },
                {
                  "Ref": "AWS::NoValue",
                },
                {
                  "Ref": "AWS::NoValue",
                },
                {
                  "Ref": "AWS::NoValue",
                },
                {
                  "Ref": "AWS::NoValue",
                },
                {
                  "Ref": "AWS::NoValue",
                },
                {
                  "Ref": "AWS::NoValue",
                },
                {
                  "Ref": "AWS::NoValue",
                },
                {
                  "Ref": "AWS::NoValue",
                },
                {
                  "Ref": "AWS::NoValue",
                },
                {
                  "Ref": "AWS::NoValue",
                },
                {
                  "Ref": "AWS::NoValue",
                },
                {
                  "Ref": "AWS::NoValue",
                },
                {
                  "Ref": "AWS::NoValue",
                },
                {
                  "Ref": "AWS::NoValue",
                },
                {
                  "Ref": "AWS::NoValue",
                },
              ],
            },
          ],
          "Version": "2012-10-17",
        },
        "Roles": [
          {
            "Ref": "ApiHandlerServiceRole592E70E9",
          },
        ],
      },
      "Type": "AWS::IAM::ManagedPolicy",
    },
    "ApiHandlersesSendEmail726F8BB3": {
      "Properties": {
        "Action": "ses:SendEmail",
        "FunctionName": {
          "Fn::GetAtt": [
            "ApiHandler5E7490E8",
            "Arn",
          ],
        },
        "Principal": "ses.amazonaws.com",
      },
      "Type": "AWS::Lambda::Permission",
    },
  },
  "Rules": {
    "CheckBootstrapVersion": {
      "Assertions": [
        {
          "Assert": {
            "Fn::Not": [
              {
                "Fn::Contains": [
                  [
                    "1",
                    "2",
                    "3",
                    "4",
                    "5",
                  ],
                  {
                    "Ref": "BootstrapVersion",
                  },
                ],
              },
            ],
          },
          "AssertDescription": "CDK bootstrap stack version 6 required. Please run 'cdk bootstrap' with a recent version of the CDK CLI.",
        },
      ],
    },
  },
}
`;
